﻿[36mvite v7.2.7 [32mbuilding client environment for production...[36m[39m
transforming...
node.exe : [33mnode_modules/@privy-io/react-auth/dist/esm/prepareFundingModalD
ata-CndHQFiM.mjs (1:5184): A comment
En E:\OptusFrontend\node_modules\.bin\vite.ps1: 24 Carácter: 5
+     & "node$exe"  "$basedir/../vite/bin/vite.js" $args
+     ~~~~~~~~~~~~~~~~~~~~~~~~~~~~~~~~~~~~~~~~~~~~~~~~~~
    + CategoryInfo          : NotSpecified: ([33mnode_modul...184): A comment 
   :String) [], RemoteException
    + FullyQualifiedErrorId : NativeCommandError
 

"/*#__PURE__*/"

in "node_modules/@privy-io/react-auth/dist/esm/prepareFundingModalData-CndHQFiM
.mjs" contains an annotation that Rollup cannot interpret due to the position 
of the comment. The comment will be removed to avoid issues.[39m
[33mnode_modules/@privy-io/react-auth/dist/esm/usePrivy-BSIhOAz8.mjs (1:885): 
A comment

"/*#__PURE__*/"

in "node_modules/@privy-io/react-auth/dist/esm/usePrivy-BSIhOAz8.mjs" contains 
an annotation that Rollup cannot interpret due to the position of the comment. 
The comment will be removed to avoid issues.[39m
[33mnode_modules/@privy-io/react-auth/dist/esm/get-is-unified-wallet-DXko-EzF.
mjs (1:8185): A comment

"/*#__PURE__*/"

in "node_modules/@privy-io/react-auth/dist/esm/get-is-unified-wallet-DXko-EzF.m
js" contains an annotation that Rollup cannot interpret due to the position of 
the comment. The comment will be removed to avoid issues.[39m
[33mnode_modules/@privy-io/react-auth/dist/esm/get-is-unified-wallet-DXko-EzF.
mjs (1:8837): A comment

"/*#__PURE__*/"

in "node_modules/@privy-io/react-auth/dist/esm/get-is-unified-wallet-DXko-EzF.m
js" contains an annotation that Rollup cannot interpret due to the position of 
the comment. The comment will be removed to avoid issues.[39m
[33mnode_modules/@privy-io/react-auth/dist/esm/index-CCrVHfyv.mjs (1:36424): 
A comment

"/*#__PURE__*/"

in "node_modules/@privy-io/react-auth/dist/esm/index-CCrVHfyv.mjs" contains an 
annotation that Rollup cannot interpret due to the position of the comment. 
The comment will be removed to avoid issues.[39m
[33mnode_modules/@privy-io/react-auth/dist/esm/index-CCrVHfyv.mjs (3:255): A 
comment

"/*#__PURE__*/"

in "node_modules/@privy-io/react-auth/dist/esm/index-CCrVHfyv.mjs" contains an 
annotation that Rollup cannot interpret due to the position of the comment. 
The comment will be removed to avoid issues.[39m
[33mnode_modules/@privy-io/react-auth/dist/esm/index-CCrVHfyv.mjs (4:81648): 
A comment

"/*#__PURE__*/"

in "node_modules/@privy-io/react-auth/dist/esm/index-CCrVHfyv.mjs" contains an 
annotation that Rollup cannot interpret due to the position of the comment. 
The comment will be removed to avoid issues.[39m
[33mnode_modules/@privy-io/react-auth/dist/esm/index-CCrVHfyv.mjs (5:35128): 
A comment

"/*#__PURE__*/"

in "node_modules/@privy-io/react-auth/dist/esm/index-CCrVHfyv.mjs" contains an 
annotation that Rollup cannot interpret due to the position of the comment. 
The comment will be removed to avoid issues.[39m
[32mÔ£ô[39m 139 modules transformed.
[31mÔ£ù[39m Build failed in 1.68s
[31merror during build:
[31m[vite:css] [postcss] E:/OptusFrontend/src/pages/Login.css:595:1: 
Unexpected }[31m
file: [36mE:/OptusFrontend/src/pages/Login.css:595:0[31m
    at Input.error 
(E:\OptusFrontend\node_modules\vite\node_modules\postcss\lib\input.js:135:16)
    at Parser.unexpectedClose 
(E:\OptusFrontend\node_modules\vite\node_modules\postcss\lib\parser.js:587:22)
    at Parser.end 
(E:\OptusFrontend\node_modules\vite\node_modules\postcss\lib\parser.js:330:12)
    at Parser.parse 
(E:\OptusFrontend\node_modules\vite\node_modules\postcss\lib\parser.js:456:16)
    at parse 
(E:\OptusFrontend\node_modules\vite\node_modules\postcss\lib\parse.js:11:12)
    at new LazyResult (E:\OptusFrontend\node_modules\vite\node_modules\postcss\
lib\lazy-result.js:165:16)
    at Processor.process (E:\OptusFrontend\node_modules\vite\node_modules\postc
ss\lib\processor.js:53:14)
    at runPostCSS (file:///E:/OptusFrontend/node_modules/vite/dist/node/chunks/
config.js:30144:68)
    at async compilePostCSS 
(file:///E:/OptusFrontend/node_modules/vite/dist/node/chunks/config.js:30128:6)
    at async compileCSS (file:///E:/OptusFrontend/node_modules/vite/dist/node/c
hunks/config.js:30058:26)[39m
